// Jest Snapshot v1, https://goo.gl/fbAQLP

exports[`should render correctly when props.showModal is true 1`] = `
<Modal
  review={
    Object {
      "created_at": "2014-04-18T13:22:26.000Z",
      "item_id": 58,
      "item_img": "https://s3-us-west-1.amazonaws.com/antsyitemsimages/00058.jpg",
      "item_name": "Gorgeous Fresh Mouse",
      "price": 922,
      "review": "The USB card is down, program the haptic sensor so we can generate the IB microchip!",
      "review_id": 896,
      "review_img": null,
      "stars": 4,
      "user_img": "https://s3-us-west-1.amazonaws.com/antsyuserimages/00002.jpg",
      "user_name": "Santina Kulas",
    }
  }
  showModal={true}
>
  <div
    className="modal"
    id="modal-overlay"
    style={
      Object {
        "alignItems": "center",
        "animation": "show .5s ease",
        "backgroundColor": "rgba(0, 0, 0, 0.7)",
        "bottom": 0,
        "display": "flex",
        "justifyContent": "center",
        "left": 0,
        "opacity": 1,
        "overflowX": "hidden",
        "overflowY": "auto",
        "padding": "1rem",
        "position": "fixed",
        "right": 0,
        "top": 0,
        "zIndex": "9999",
      }
    }
  >
    <section
      style={
        Object {
          "background": "white",
          "display": "flex",
          "height": 565,
          "left": "50%",
          "position": "fixed",
          "top": "45%",
          "transform": "translate(-50%,-50%)",
          "width": "65%",
        }
      }
    >
      <div>
        <img
          src={null}
          style={
            Object {
              "height": 565,
              "width": 565,
            }
          }
        />
      </div>
      <div
        style={
          Object {
            "display": "flex",
            "flexDirection": "column",
            "justifyContent": "space-between",
          }
        }
      >
        <div
          className="modalReview"
          style={
            Object {
              "marginTop": 20,
            }
          }
        >
          <div
            style={
              Object {
                "display": "flex",
                "margin": 20,
              }
            }
          >
            <img
              src="https://s3-us-west-1.amazonaws.com/antsyuserimages/00002.jpg"
              style={
                Object {
                  "borderRadius": 50,
                  "height": 50,
                  "width": 50,
                }
              }
            />
            <div
              style={
                Object {
                  "alignSelf": "center",
                  "margin": 5,
                  "marginLeft": 15,
                  "textDecoration": "underline",
                }
              }
            >
              Santina Kulas
            </div>
            <div
              style={
                Object {
                  "alignSelf": "center",
                  "margin": 5,
                }
              }
            >
              Apr 18, 2014
            </div>
          </div>
          <div
            style={
              Object {
                "margin": 20,
              }
            }
          >
            <Star
              stars={4}
            >
              <div
                style={
                  Object {
                    "alignSelf": "center",
                  }
                }
              >
                <img
                  key="0"
                  src="https://s3-us-west-1.amazonaws.com/anstyicons/icon-star-512.png"
                  style={
                    Object {
                      "height": "20px",
                      "width": "20px",
                    }
                  }
                />
                <img
                  key="1"
                  src="https://s3-us-west-1.amazonaws.com/anstyicons/icon-star-512.png"
                  style={
                    Object {
                      "height": "20px",
                      "width": "20px",
                    }
                  }
                />
                <img
                  key="2"
                  src="https://s3-us-west-1.amazonaws.com/anstyicons/icon-star-512.png"
                  style={
                    Object {
                      "height": "20px",
                      "width": "20px",
                    }
                  }
                />
                <img
                  key="3"
                  src="https://s3-us-west-1.amazonaws.com/anstyicons/icon-star-512.png"
                  style={
                    Object {
                      "height": "20px",
                      "width": "20px",
                    }
                  }
                />
              </div>
            </Star>
            <div>
              The USB card is down, program the haptic sensor so we can generate the IB microchip!
            </div>
          </div>
        </div>
        <div
          className="modalItem"
        >
          <div
            style={
              Object {
                "margin": 20,
              }
            }
          >
            <Item
              review={
                Object {
                  "created_at": "2014-04-18T13:22:26.000Z",
                  "item_id": 58,
                  "item_img": "https://s3-us-west-1.amazonaws.com/antsyitemsimages/00058.jpg",
                  "item_name": "Gorgeous Fresh Mouse",
                  "price": 922,
                  "review": "The USB card is down, program the haptic sensor so we can generate the IB microchip!",
                  "review_id": 896,
                  "review_img": null,
                  "stars": 4,
                  "user_img": "https://s3-us-west-1.amazonaws.com/antsyuserimages/00002.jpg",
                  "user_name": "Santina Kulas",
                }
              }
              showPrice="true"
            >
              <div
                style={
                  Object {
                    "display": "flex",
                    "marginTop": 10,
                  }
                }
              >
                <img
                  id={58}
                  onClick={[Function]}
                  src="https://s3-us-west-1.amazonaws.com/antsyitemsimages/00058.jpg"
                  style={
                    Object {
                      "alignSelf": "center",
                      "cursor": "pointer",
                      "height": 75,
                      "width": 75,
                    }
                  }
                />
                <div
                  style={
                    Object {
                      "cursor": "pointer",
                      "margin": "25px",
                    }
                  }
                >
                  <div
                    id={58}
                    onClick={[Function]}
                  >
                    Gorgeous Fresh Mouse
                  </div>
                  <div>
                    $
                    922
                    .00
                  </div>
                </div>
              </div>
            </Item>
          </div>
        </div>
      </div>
      <button
        className="closeModal"
        style={
          Object {
            "background": "none",
            "border": "none",
            "cursor": "pointer",
            "display": "block",
            "float": "right",
            "padding": "none",
            "position": "absolute",
            "right": 5,
            "top": 5,
            "zIndex": 3,
          }
        }
      >
        <img
          id="close-modal"
          src="https://cdn0.iconfinder.com/data/icons/elasto-online-store/26/00-ELASTOFONT-STORE-READY_close-512.png"
          style={
            Object {
              "background": "white",
              "height": 20,
              "margin": 10,
              "width": 20,
            }
          }
        />
      </button>
    </section>
  </div>
</Modal>
`;
