// Jest Snapshot v1, https://goo.gl/fbAQLP

exports[`should render correctly with no props 1`] = `
<div>
  <img
    className="photoCarouselImg"
    id={0}
    key="119"
    onClick={[Function]}
    src="https://s3-us-west-1.amazonaws.com/antsyreviewimages/00119.jpg"
    style={
      Object {
        "clear": "both",
        "margin": 10,
        "maxHeight": 100,
        "maxWidth": 100,
      }
    }
  />
  <img
    className="photoCarouselImg"
    id={1}
    key="35"
    onClick={[Function]}
    src="https://s3-us-west-1.amazonaws.com/antsyreviewimages/00035.jpg"
    style={
      Object {
        "clear": "both",
        "margin": 10,
        "maxHeight": 100,
        "maxWidth": 100,
      }
    }
  />
  <img
    className="photoCarouselImg"
    id={2}
    key="48"
    onClick={[Function]}
    src="https://s3-us-west-1.amazonaws.com/antsyreviewimages/00048.jpg"
    style={
      Object {
        "clear": "both",
        "margin": 10,
        "maxHeight": 100,
        "maxWidth": 100,
      }
    }
  />
  <img
    className="photoCarouselImg"
    id={3}
    key="141"
    onClick={[Function]}
    src="https://s3-us-west-1.amazonaws.com/antsyreviewimages/00141.jpg"
    style={
      Object {
        "clear": "both",
        "margin": 10,
        "maxHeight": 100,
        "maxWidth": 100,
      }
    }
  />
  <img
    className="photoCarouselImg"
    id={4}
    key="164"
    onClick={[Function]}
    src="https://s3-us-west-1.amazonaws.com/antsyreviewimages/00164.jpg"
    style={
      Object {
        "clear": "both",
        "margin": 10,
        "maxHeight": 100,
        "maxWidth": 100,
      }
    }
  />
</div>
`;
