// Jest Snapshot v1, https://goo.gl/fbAQLP

exports[`should render correctly with no props 1`] = `
<div>
  <div
    style={
      Object {
        "display": "flex",
      }
    }
  >
    <div
      style={
        Object {
          "margin": 5,
          "textDecoration": "underline",
        }
      }
    >
      Deangelo Schuppe
    </div>
    <div
      style={
        Object {
          "margin": 5,
        }
      }
    >
      Mar 27, 2014
    </div>
  </div>
  <div>
    <div>
      <div>
        <img
          className="reviewStar"
          key="0"
          src="https://s3-us-west-1.amazonaws.com/anstyicons/icon-star-512.png"
          style={
            Object {
              "height": "20px",
              "width": "20px",
            }
          }
        />
        <img
          className="reviewStar"
          key="1"
          src="https://s3-us-west-1.amazonaws.com/anstyicons/icon-star-512.png"
          style={
            Object {
              "height": "20px",
              "width": "20px",
            }
          }
        />
        <img
          className="reviewStar"
          key="2"
          src="https://s3-us-west-1.amazonaws.com/anstyicons/icon-star-512.png"
          style={
            Object {
              "height": "20px",
              "width": "20px",
            }
          }
        />
        <img
          className="reviewStar"
          key="3"
          src="https://s3-us-west-1.amazonaws.com/anstyicons/icon-star-512.png"
          style={
            Object {
              "height": "20px",
              "width": "20px",
            }
          }
        />
      </div>
    </div>
    <div>
      <div>
        I'll generate the cross-platform COM firewall, that should driver the XSS pixel!
      </div>
    </div>
  </div>
</div>
`;
