// Jest Snapshot v1, https://goo.gl/fbAQLP

exports[`should render correctly with no props 1`] = `
<div>
  <div
    style={
      Object {
        "display": "flex",
      }
    }
  >
    <div
      style={
        Object {
          "cursor": "pointer",
          "margin": 5,
          "textDecoration": "underline",
        }
      }
    >
      Deangelo Schuppe
    </div>
    <div
      style={
        Object {
          "margin": 5,
        }
      }
    >
      Mar 27, 2014
    </div>
  </div>
  <div>
    <div>
      <Star
        starClass="review-star"
      />
      <div>
        I'll generate the cross-platform COM firewall, that should driver the XSS pixel!
      </div>
      <ReviewImg
        review={
          Object {
            "created_at": "2014-03-27T15:37:49.000Z",
            "item_id": 91,
            "item_img": "https://s3-us-west-1.amazonaws.com/antsyitemsimages/00091.jpg",
            "item_name": "Rustic Metal Chair",
            "review": "I'll generate the cross-platform COM firewall, that should driver the XSS pixel!",
            "review_id": 35,
            "stars": 4,
            "user_img": "https://s3-us-west-1.amazonaws.com/antsyuserimages/00024.jpg",
            "user_name": "Deangelo Schuppe",
          }
        }
        style={
          Object {
            "height": 300,
            "marginTop": 10,
            "width": 300,
          }
        }
      />
    </div>
  </div>
</div>
`;
